C:\Users\Abhinav>cd myproject

C:\Users\Abhinav\myproject>cd app

C:\Users\Abhinav\myproject\app>python hello_world.py
Traceback (most recent call last):
  File "hello_world.py", line 1, in <module>
    from flask import Flask
ImportError: No module named 'flask'

C:\Users\Abhinav\myproject\app>cd \

C:\>cd users\Abhinav\myproject\flask\Scripts

C:\Users\Abhinav\myproject\flask\Scripts>activate

(flask) C:\Users\Abhinav\myproject\flask\Scripts>cd \

(flask) C:\>cd users\Abhinav\myproject\app

(flask) C:\Users\Abhinav\myproject\app>python hello_world.py
 * Serving Flask app "hello_world" (lazy loading)
 * Environment: production
   WARNING: Do not use the development server in a production environment.
   Use a production WSGI server instead.
 * Debug mode: on
 * Restarting with stat
 * Debugger is active!
 * Debugger PIN: 356-824-303
 * Running on http://127.0.0.1:5000/ (Press CTRL+C to quit)